gcc : modelos/00_modelo_procesos_del_sistema/modelo_tex_bas.c:27:10: warning: 
missing terminating " character
En línea: 1 Carácter: 1
+ gcc -std=c11 -Wall -Wextra -g3 -O0 -I. SISTEMA_QU1R30N.c CLASE_QU1R30 ...
+ ~~~~~~~~~~~~~~~~~~~~~~~~~~~~~~~~~~~~~~~~~~~~~~~~~~~~~~~~~~~~~~~~~~~~~
    + CategoryInfo          : NotSpecified: (modelos/00_mode...ing " character 
   :String) [], RemoteException
    + FullyQualifiedErrorId : NativeCommandError
 
   27 | #include "../../cabeceras/cabeceras_modelos/00_cabeceras_modelos_del_si
stema/modelo_operaciones_textos.h
      |          ^
modelos/00_modelo_procesos_del_sistema/modelo_tex_bas.c:27:10: error: 
'#include' expects '"FILENAME"' or '<FILENAME>'
   27 | #include "../../cabeceras/cabeceras_modelos/00_cabeceras_modelos_del_si
stema/modelo_operaciones_textos.h
      |          ^~~~~~~~~~~~~~~~~~~~~~~~~~~~~~~~~~~~~~~~~~~~~~~~~~~~~~~~~~~~~~
~~~~~~~~~~~~~~~~~~~~~~~~~~~~~~~~~
modelos/01_modelo_procesos_de_negocio/modelo_operaciones_tienda.c: In function 
'modelo_leerInventario':
modelos/01_modelo_procesos_de_negocio/modelo_operaciones_tienda.c:34:9: 
warning: unused variable 'maxProductos' [-Wunused-variable]
   34 |     int maxProductos = (texto && texto[0]) ? atoi(texto) : 
MAX_PRODUCTOS;
      |         ^~~~~~~~~~~~
procesos/00_procesos_del_sistema/var_fun_GG.c: In function 
'columnas_concatenadas':
procesos/00_procesos_del_sistema/var_fun_GG.c:681:66: warning: unused 
parameter 'id_columna' [-Wunused-parameter]
  681 | char *columnas_concatenadas(ConfigField *arreglo, int filas, int 
id_columna, const char *caracter_separacion)
      |                                                              
~~~~^~~~~~~~~~
